<html>
<body>
<pre>
<h1>礦ision Build Log</h1>
<h2>Tool Versions:</h2>
IDE-Version: μVision V5.26.2.0
Copyright (C) 2018 ARM Ltd and ARM Germany GmbH. All rights reserved.
License Information: 1 1, 1, LIC=GE7Z9-4Q8L0-771RP-M0HAL-2MW3M-0B99Q
 
Tool Versions:
Toolchain:       MDK-ARM Professional  Version: 5.26.2.0
Toolchain Path:  C:\Keil_v5\ARM\ARMCC\Bin
C Compiler:      Armcc.exe V5.06 update 6 (build 750)
Assembler:       Armasm.exe V5.06 update 6 (build 750)
Linker/Locator:  ArmLink.exe V5.06 update 6 (build 750)
Library Manager: ArmAr.exe V5.06 update 6 (build 750)
Hex Converter:   FromElf.exe V5.06 update 6 (build 750)
CPU DLL:         SARMCM3.DLL V5.26.2.0
Dialog DLL:      DCM.DLL V1.17.2.0
Target DLL:      CMSIS_AGDI.dll V1.30.6.0
Dialog DLL:      TCM.DLL V1.36.1.0
 
<h2>Project:</h2>
C:\Users\97982\Desktop\F103-指南者开发板配套例程\Project\RVMDK（uv5）\BH-F103.uvprojx
Project File Date:  02/23/2019

<h2>Output:</h2>
*** Using Compiler 'V5.06 update 6 (build 750)', folder: 'C:\Keil_v5\ARM\ARMCC\Bin'
Build target 'as608'
compiling core_cm3.c...
compiling system_stm32f10x.c...
compiling misc.c...
compiling stm32f10x_adc.c...
compiling stm32f10x_bkp.c...
compiling stm32f10x_can.c...
compiling stm32f10x_cec.c...
compiling stm32f10x_crc.c...
compiling stm32f10x_dac.c...
compiling stm32f10x_dbgmcu.c...
compiling stm32f10x_dma.c...
compiling stm32f10x_exti.c...
compiling stm32f10x_flash.c...
compiling stm32f10x_fsmc.c...
compiling stm32f10x_gpio.c...
compiling stm32f10x_i2c.c...
compiling stm32f10x_iwdg.c...
compiling stm32f10x_pwr.c...
compiling stm32f10x_rtc.c...
compiling stm32f10x_rcc.c...
compiling stm32f10x_sdio.c...
compiling stm32f10x_spi.c...
compiling stm32f10x_usart.c...
compiling stm32f10x_tim.c...
compiling stm32f10x_wwdg.c...
compiling stm32f10x_it.c...
compiling main.c...
..\..\User\main.c(61): warning:  #111-D: statement is unreachable
  	 GPS_Config();
..\..\User\main.c: 1 warning, 0 errors
compiling rx_data_queue.c...
compiling bsp_led.c...
compiling as608_test.c...
compiling bsp_SysTick.c...
compiling bsp_usart1.c...
compiling bsp_usart2.c...
compiling bsp_usart3.c...
compiling gps_config.c...
compiling nema_decode_test.c...
compiling context.c...
compiling generate.c...
compiling bsp_key.c...
compiling generator.c...
compiling info.c...
compiling gmath.c...
..\..\User\nmea_decode\src\gmath.c(166): warning:  #550-D: variable "tan_sigma"  was set but never used
          double tmp1, tmp2, tan_sigma, sin_alpha, cos_alpha, C, lambda_prev; 
..\..\User\nmea_decode\src\gmath.c(264): warning:  #550-D: variable "tan_sigma1"  was set but never used
      double tan_sigma1, sigma1, sin_alpha, cos_alpha, sqr_cos_alpha, sqr_u, A, B;
..\..\User\nmea_decode\src\gmath.c(264): warning:  #550-D: variable "cos_alpha"  was set but never used
      double tan_sigma1, sigma1, sin_alpha, cos_alpha, sqr_cos_alpha, sqr_u, A, B;
..\..\User\nmea_decode\src\gmath.c: 3 warnings, 0 errors
compiling parse.c...
compiling sentence.c...
compiling time.c...
compiling tok.c...
compiling parser.c...
linking...
Program Size: Code=14794 RO-data=698 RW-data=60 ZI-data=1132  
FromELF: creating hex file...
"..\..\Output\as608.axf" - 0 Error(s), 4 Warning(s).

<h2>Software Packages used:</h2>

Package Vendor: Keil
                http://www.keil.com/pack/Keil.STM32F1xx_DFP.1.1.0.pack
                Keil.STM32F1xx_DFP.1.1.0
                STMicroelectronics STM32F1 Series Device Support, Drivers and Examples

<h2>Collection of Component include folders:</h2>
  .\RTE\_as608
  C:\Keil_v5\ARM\PACK\Keil\STM32F1xx_DFP\1.1.0\Device\Include

<h2>Collection of Component Files used:</h2>
Build Time Elapsed:  00:00:12
</pre>
</body>
</html>
